@test.lua:11	(null)	:	1.250000	2.200000	1
return function ()
--	print('ret')
	os.time()
	end:0	f	:	0.000000	0.000000	1
return function ()
--	print('ret')
	os.time()
	end:1	(null)	:	0.000000	0.000000	1
@test.lua:6	func1	:	0.000000	0.000000	1000000
